\BOOKMARK [1][-]{Section.0.Literature review.1}{Literature review}{}% 1
\BOOKMARK [1][-]{Section.1.Software review.1}{Software review}{}% 2
\BOOKMARK [1][-]{Section.2.Introducing nestfs.1}{Introducing nestfs}{}% 3
\BOOKMARK [1][-]{Section.3.Practical examples.1}{Practical examples}{}% 4
\BOOKMARK [1][-]{Section.4.Conclusions.1}{Conclusions}{}% 5
